{"message": "AXES: BEGIN version 8.0.0, blocking by username or ip_address"}
{"message": "AXES: BEGIN version 8.0.0, blocking by username or ip_address"}
{"message": "AXES: BEGIN version 8.0.0, blocking by username or ip_address"}
{"message": "AXES: BEGIN version 8.0.0, blocking by username or ip_address"}
{"message": "AXES: BEGIN version 8.0.0, blocking by username or ip_address"}
{"message": "AXES: BEGIN version 8.0.0, blocking by username or ip_address"}
{"message": "AXES: BEGIN version 8.0.0, blocking by username or ip_address"}
{"message": "AXES: BEGIN version 8.0.0, blocking by username or ip_address"}
{"message": "AXES: BEGIN version 8.0.0, blocking by username or ip_address"}
{"message": "AXES: BEGIN version 8.0.0, blocking by username or ip_address"}
{"message": "AXES: BEGIN version 8.0.0, blocking by username or ip_address"}
{"message": "AXES: BEGIN version 8.0.0, blocking by username or ip_address"}
{"message": "AXES: BEGIN version 8.0.0, blocking by username or ip_address"}
{"message": "AXES: BEGIN version 8.0.0, blocking by username or ip_address"}
{"message": "AXES: BEGIN version 8.0.0, blocking by username or ip_address"}
{"message": "AXES: BEGIN version 8.0.0, blocking by username or ip_address"}
{"message": "AXES: BEGIN version 8.0.0, blocking by username or ip_address"}
{"message": "AXES: BEGIN version 8.0.0, blocking by username or ip_address"}
{"message": "AXES: BEGIN version 8.0.0, blocking by username or ip_address"}
{"message": "AXES: BEGIN version 8.0.0, blocking by username or ip_address"}
{"message": "AXES: BEGIN version 8.0.0, blocking by username or ip_address"}
{"message": "AXES: BEGIN version 8.0.0, blocking by username or ip_address"}
{"message": "AXES: BEGIN version 8.0.0, blocking by username or ip_address"}
{"message": "AXES: BEGIN version 8.0.0, blocking by username or ip_address"}
{"message": "AXES: BEGIN version 8.0.0, blocking by username or ip_address"}
{"message": "AXES: BEGIN version 8.0.0, blocking by username or ip_address"}
{"message": "AXES: BEGIN version 8.0.0, blocking by username or ip_address"}
{"message": "AXES: BEGIN version 8.0.0, blocking by username or ip_address"}
{"message": "AXES: BEGIN version 8.0.0, blocking by username or ip_address"}
{"message": "AXES: BEGIN version 8.0.0, blocking by username or ip_address"}
{"message": "AXES: BEGIN version 8.0.0, blocking by username or ip_address"}
{"message": "AXES: BEGIN version 8.0.0, blocking by username or ip_address"}
{"message": "AXES: BEGIN version 8.0.0, blocking by username or ip_address"}
{"message": "AXES: BEGIN version 8.0.0, blocking by username or ip_address"}
{"message": "Could not reverse url from socialnetwork.post"}
{"message": "Could not reverse url from socialnetwork.profile"}
{"message": "Could not reverse url from socialnetwork.comment"}
{"message": "Could not reverse url from socialnetwork.post"}
{"message": "Could not reverse url from socialnetwork.profile"}
{"message": "Could not reverse url from socialnetwork.comment"}
{"message": "socialnetwork not found when generating links"}
{"message": "Could not reverse url from socialnetwork.post"}
{"message": "Could not reverse url from socialnetwork.profile"}
{"message": "Could not reverse url from socialnetwork.comment"}
{"message": "Could not reverse url from socialnetwork.post"}
{"message": "Could not reverse url from socialnetwork.profile"}
{"message": "Could not reverse url from socialnetwork.comment"}
{"message": "Could not reverse url from socialnetwork.post"}
{"message": "Could not reverse url from socialnetwork.profile"}
{"message": "Could not reverse url from socialnetwork.comment"}
{"message": "Avatar field must be an ImageField/URLField on the user model, or a callable"}
{"message": "Not Found: /static/images/favicon.png", "request": "<ASGIRequest: GET '/static/images/favicon.png'>", "status_code": 404}
{"message": "Could not reverse url from socialnetwork.post"}
{"message": "Could not reverse url from socialnetwork.profile"}
{"message": "Could not reverse url from socialnetwork.comment"}
{"message": "Could not reverse url from socialnetwork.post"}
{"message": "Could not reverse url from socialnetwork.profile"}
{"message": "Could not reverse url from socialnetwork.comment"}
{"message": "socialnetwork not found when generating links"}
{"message": "Could not reverse url from socialnetwork.post"}
{"message": "Could not reverse url from socialnetwork.profile"}
{"message": "Could not reverse url from socialnetwork.comment"}
{"message": "Could not reverse url from socialnetwork.post"}
{"message": "Could not reverse url from socialnetwork.profile"}
{"message": "Could not reverse url from socialnetwork.comment"}
{"message": "Could not reverse url from socialnetwork.post"}
{"message": "Could not reverse url from socialnetwork.profile"}
{"message": "Could not reverse url from socialnetwork.comment"}
{"message": "Avatar field must be an ImageField/URLField on the user model, or a callable"}
{"message": "Response to request with pk 3b68f9b9-5080-4640-ba1f-1e1114260e77 has content type text/javascript but was unable to parse it"}
